(0) 1/0 :        Vectors:
(0) 4/100 :        GameHeader:
(0) 5/18E :        Checksum:
(0) 7/200 :        EntryPoint:
(0) 26/392 :        BootData:
(0) 28/3C8 :        Z80_Sound_End:
(0) 29/3C8 :        Z80_Sound_Start:
(0) 33/3FE :        VDP_Shadow_Init:
(0) 1184/10006 :        ObjDef_DemoBox:
(0) 1208/1121A :        EndOfRom:
(0) 1209/FFFF0000 :        Tile_Cache_Nametable:
(0) 1210/FFFF2580 :        Tile_Cache_Collision:
(0) 1211/FFFF3842 :        Block_Stage_Buffers:
(0) 1220/FFFF699C :        Page_Table:
(0) 1221/FFFF6A9C :        Page_Frames:
(0) 1222/FFFF6B14 :        Page_Queued_Bits:
(0) 1223/FFFF6B34 :        Art_Staging_Buffer:
(0) 1224/FFFF7334 :        Lower_RAM_End:
(0) 1274/FFFF8298 :        Sprite_Table_Buffer:
(0) 1277/FFFF851A :        Hscroll_Buffer:
(0) 1329/FFFF8DEE :        Pal_Variant_Stage:
(0) 1353/FFFF9010 :        Dynamic_Slots:
(0) 1355/FFFF9F10 :        Effect_Slots:
(0) 1374/FFFFA6AC :        Plane_Buffer:
(0) 1420/FFFFAEA2 :        Ring_Buffer:
(0) 1504/FFFFB842 :        Engine_RAM_End:
(0) 1505/FFFFB842 :        Game_RAM_End:
  Symbol Table (* = unused):
  --------------------------

 Vectors : 0 C |
 GameHeader : 100 C |
 Checksum : 18E C |
 EntryPoint : 200 C |
 BootData : 392 C |
 Z80_Sound_End : 3C8 C |
 Z80_Sound_Start : 3C8 C |
 VDP_Shadow_Init : 3FE C |
 ObjDef_DemoBox : 10006 C |
 EndOfRom : 1121A C |
 Tile_Cache_Nametable : FFFF0000 C |
 Tile_Cache_Collision : FFFF2580 C |
 Block_Stage_Buffers : FFFF3842 C |
 Page_Table : FFFF699C C |
 Page_Frames : FFFF6A9C C |
 Page_Queued_Bits : FFFF6B14 C |
 Art_Staging_Buffer : FFFF6B34 C |
 Lower_RAM_End : FFFF7334 C |
 Sprite_Table_Buffer : FFFF8298 C |
 Hscroll_Buffer : FFFF851A C |
 Pal_Variant_Stage : FFFF8DEE C |
 Dynamic_Slots : FFFF9010 C |
 Effect_Slots : FFFF9F10 C |
 Plane_Buffer : FFFFA6AC C |
 Ring_Buffer : FFFFAEA2 C |
 Engine_RAM_End : FFFFB842 C |
 Game_RAM_End : FFFFB842 C |

   27 symbols
    0 unused symbols
