(0) 1/0 :        Vectors:
(0) 2/100 :        GameHeader:
(0) 3/18E :        Checksum:
(0) 5/200 :        EntryPoint:
(0) 24/39A :        BootData:
(0) 26/3D0 :        Z80_Sound_Start:
(0) 28/1BF0 :        Z80_Sound_End:
(0) 31/1BFE :        VDP_Shadow_Init:
(0) 1873/12B1A :        DeformTable_Zero:
(0) 2216/BDDA0 :        EndOfRom:
(0) 2217/FFFF0000 :        Tile_Cache_Nametable:
(0) 2218/FFFF2580 :        Tile_Cache_Collision:
(0) 2219/FFFF3842 :        Block_Stage_Buffers:
(0) 2228/FFFF699C :        Page_Table:
(0) 2229/FFFF6A9C :        Page_Frames:
(0) 2230/FFFF6B14 :        Page_Queued_Bits:
(0) 2231/FFFF6B34 :        Art_Staging_Buffer:
(0) 2232/FFFF7334 :        Lower_RAM_End:
(0) 2282/FFFF8298 :        Sprite_Table_Buffer:
(0) 2285/FFFF851A :        Hscroll_Buffer:
(0) 2337/FFFF8DEE :        Pal_Variant_Stage:
(0) 2361/FFFF9010 :        Dynamic_Slots:
(0) 2363/FFFF9F10 :        Effect_Slots:
(0) 2382/FFFFA6AC :        Plane_Buffer:
(0) 2428/FFFFAEA2 :        Ring_Buffer:
(0) 2512/FFFFBB8C :        Cheat_Flags:
(0) 2513/FFFFBB8C :        Engine_RAM_End:
(0) 2515/FFFFBB8E :        Character_ID:
(0) 2523/FFFFBD00 :        Player_Pos_Ring:
(0) 2524/FFFFBE00 :        Player_Stat_Ring:
(0) 2525/FFFFBF00 :        Player_Ring_Index:
(0) 2526/FFFFBF02 :        Game_RAM_End:
  Symbol Table (* = unused):
  --------------------------

 Vectors : 0 C |
 GameHeader : 100 C |
 Checksum : 18E C |
 EntryPoint : 200 C |
 BootData : 39A C |
 Z80_Sound_Start : 3D0 C |
 Z80_Sound_End : 1BF0 C |
 VDP_Shadow_Init : 1BFE C |
 DeformTable_Zero : 12B1A C |
 EndOfRom : BDDA0 C |
 Tile_Cache_Nametable : FFFF0000 C |
 Tile_Cache_Collision : FFFF2580 C |
 Block_Stage_Buffers : FFFF3842 C |
 Page_Table : FFFF699C C |
 Page_Frames : FFFF6A9C C |
 Page_Queued_Bits : FFFF6B14 C |
 Art_Staging_Buffer : FFFF6B34 C |
 Lower_RAM_End : FFFF7334 C |
 Sprite_Table_Buffer : FFFF8298 C |
 Hscroll_Buffer : FFFF851A C |
 Pal_Variant_Stage : FFFF8DEE C |
 Dynamic_Slots : FFFF9010 C |
 Effect_Slots : FFFF9F10 C |
 Plane_Buffer : FFFFA6AC C |
 Ring_Buffer : FFFFAEA2 C |
 Cheat_Flags : FFFFBB8C C |
 Engine_RAM_End : FFFFBB8C C |
 Character_ID : FFFFBB8E C |
 Player_Pos_Ring : FFFFBD00 C |
 Player_Stat_Ring : FFFFBE00 C |
 Player_Ring_Index : FFFFBF00 C |
 Game_RAM_End : FFFFBF02 C |

   32 symbols
    0 unused symbols
